IteratorIterator
constructed
[false,null,null]
[false,null,null]
rewind:0
valid:0
current:0
key:0
[true,"item-0",13]
[true,"item-0",13]
inner-mutated
[true,"item-0",13]
next:1
valid:2
current:2
key:2
[true,"item-2",41]
bool(true)
LimitIterator
constructed
[false,null,null]
[false,null,null]
rewind:0
valid:0
valid:0
current:0
key:0
[true,"item-0",13]
[true,"item-0",13]
inner-mutated
[true,"item-0",13]
next:1
valid:2
current:2
key:2
[true,"item-2",41]
bool(true)
NoRewindIterator
constructed
valid:0
key:0
current:0
[true,"item-0",13]
valid:0
key:0
[true,"item-0",13]
valid:0
key:0
[true,"item-0",13]
valid:0
key:0
[true,"item-0",13]
inner-mutated
valid:1
key:1
[true,"item-1",13]
next:1
valid:2
key:2
current:2
[true,"item-2",41]
bool(true)
