failure:rewind
rewind:0
valid:0
current:0
key:0
[true,"item-0",13]
rewind:0
Exception:callback-rewind
[false,null,null]
next:0
valid:1
current:1
key:1
[true,"item-1",27]
failure:valid
rewind:0
valid:0
current:0
key:0
[true,"item-0",13]
next:0
valid:1
Exception:callback-valid
[false,null,null]
next:1
valid:2
current:2
key:2
[true,"item-2",41]
failure:current
rewind:0
valid:0
current:0
key:0
[true,"item-0",13]
next:0
valid:1
current:1
Exception:callback-current
[false,null,null]
next:1
valid:2
current:2
key:2
[true,"item-2",41]
failure:key
rewind:0
valid:0
current:0
key:0
[true,"item-0",13]
next:0
valid:1
current:1
key:1
Exception:callback-key
[true,null,27]
next:1
valid:2
current:2
key:2
[true,"item-2",41]
failure:next
rewind:0
valid:0
current:0
key:0
[true,"item-0",13]
next:0
Exception:callback-next
[false,null,null]
next:0
valid:1
current:1
key:1
[true,"item-1",27]
