IteratorIterator
[false,null,null]
[true,"red",{"n":2}]
[true,"red",{"n":2}]
[true,"red",{"n":2}]
[true,"red",{"n":2}]
[false,null,null]
[true,"red",{"n":9}]
LimitIterator
[false,null,null]
[true,"red",{"n":2}]
[true,"red",{"n":2}]
[true,"red",{"n":2}]
[true,"red",{"n":2}]
[false,null,null]
[true,"red",{"n":9}]
NoRewindIterator
[true,"red",{"n":2}]
[true,"red",{"n":2}]
[true,"red",{"n":9}]
[true,"red",{"n":9}]
[true,"blue",7]
[false,null,null]
[false,null,null]
