IteratorIterator
rewind
valid
current
key
before-next
release:v0
next
valid
current
key
after-next
before-unset
release:v1
release:inner
after-unset
LimitIterator
rewind
valid
valid
current
key
before-next
release:v0
next
valid
current
key
after-next
before-unset
release:v1
release:inner
after-unset
NoRewindIterator
current
before-next
release:v0
next
after-next
current
before-unset
release:v1
release:inner
after-unset
