["","","","","","","",null]
["\/","\/","","\/","","","","\/"]
["\/\/\/","\/","","\/","","","","\/"]
[".",".","",".","",".",".","."]
[".\/",".","",".","",".",".","."]
["..","..","","..","","..","..","."]
["one\/\/two\/\/\/","one\/\/two","one\/","two","","two","two","one"]
[".\/one\/item.tar.gz",".\/one\/item.tar.gz",".\/one","item.tar.gz","gz","item.tar.gz","item.tar",".\/one"]
[".hidden",".hidden","",".hidden","hidden",".hidden",".hidden","."]
["item.","item.","","item.","","item.","item.","."]
["one\\two.ext","one\\two.ext","","one\\two.ext","ext","one\\two.ext","one\\two.ext","."]
