case:flags
ArrayObject-set:[0,null,0]
ArrayObject-set:[1,null,1]
ArrayObject-set:[2,null,2]
ArrayObject-set:[3,null,3]
ArrayObject-set:[4,null,4]
ArrayObject-set:[7,null,7]
ArrayObject-set:[255,null,255]
ArrayObject-set:[-1,null,65535]
ArrayObject-set:[9223372036854775807,null,65535]
ArrayIterator-set:[0,null,0]
ArrayIterator-set:[1,null,1]
ArrayIterator-set:[2,null,2]
ArrayIterator-set:[3,null,3]
ArrayIterator-set:[4,null,4]
ArrayIterator-set:[7,null,7]
ArrayIterator-set:[255,null,255]
ArrayIterator-set:[-1,null,65535]
ArrayIterator-set:[9223372036854775807,null,65535]
outcome:null
