case:strict
strict-flag:["TypeError","ArrayObject::setFlags(): Argument #1 ($flags) must be of type int, string given"]
strict-flag:["TypeError","ArrayObject::setFlags(): Argument #1 ($flags) must be of type int, true given"]
strict-flag:["TypeError","ArrayObject::setFlags(): Argument #1 ($flags) must be of type int, null given"]
strict-flag:["TypeError","ArrayObject::setFlags(): Argument #1 ($flags) must be of type int, float given"]
strict-constructor:["TypeError","ArrayObject::__construct(): Argument #2 ($flags) must be of type int, string given"]
outcome:null
