diagnostic:8192:Creation of dynamic property ArrayObject::$storage is deprecated
diagnostic:8192:Creation of dynamic property ArrayObject::$storage is deprecated
[0,[149],{"storage":"plain","\u0000ArrayObject\u0000storage":"hidden"},null]:[149]
diagnostic:8192:Creation of dynamic property ArrayObject::$storage is deprecated
diagnostic:8192:Creation of dynamic property ArrayObject::$storage is deprecated
[0,[149],{"storage":"plain","\u0000ArrayObject\u0000storage":"hidden"},null]:[149]
