TypeError:RecursiveIteratorIterator::__construct(): Argument #1 ($iterator) must be of type object, array given
InvalidArgumentException:An instance of RecursiveIterator or IteratorAggregate creating it is required
InvalidArgumentException:An instance of RecursiveIterator or IteratorAggregate creating it is required
aggregate
"RecursiveArrayIterator"
true
[82]
[82]
[82]
