RecursiveIterator
["hasChildren",[],"bool"]
["getChildren",[],"?RecursiveIterator"]
RecursiveArrayIterator
["hasChildren",[],"bool"]
["getChildren",[],"?RecursiveArrayIterator"]
RecursiveIteratorIterator
["__construct",[["iterator","Traversable",false],["mode","int",true],["flags","int",true]],""]
["rewind",[],"void"]
["valid",[],"bool"]
["key",[],"mixed"]
["current",[],"mixed"]
["next",[],"void"]
["getDepth",[],"int"]
["getSubIterator",[["level","?int",true]],"?RecursiveIterator"]
["getInnerIterator",[],"RecursiveIterator"]
["beginIteration",[],"void"]
["endIteration",[],"void"]
["callHasChildren",[],"bool"]
["callGetChildren",[],"?RecursiveIterator"]
["beginChildren",[],"void"]
["endChildren",[],"void"]
["nextElement",[],"void"]
["setMaxDepth",[["maxDepth","int",true]],"void"]
["getMaxDepth",[],"int|false"]
